============================= test session starts =============================
platform win32 -- Python 3.11.9, pytest-8.3.5, pluggy-1.5.0
rootdir: C:\Users\nikla\Nextcloud\Projekte\CreatorHUB\Projekt\backend
configfile: pytest.ini
plugins: anyio-4.9.0, cov-6.0.0
collected 115 items

backend\tests\test_ai_gateway_validation.py ...                          [  2%]
backend\tests\test_auth_and_permissions.py .................             [ 17%]
backend\tests\test_domain_status_rules.py .........                      [ 25%]
backend\tests\test_email_prompt_policy_safety.py ..                      [ 26%]
backend\tests\test_logging_config.py ....                                [ 30%]
backend\tests\test_logout_and_sessions.py ...                            [ 33%]
backend\tests\test_observability.py ...                                  [ 35%]
backend\tests\test_policy_checks_ai_safety.py .....                      [ 40%]
backend\tests\test_router_assets_upload.py ...                           [ 42%]
backend\tests\test_router_audit.py ..                                    [ 44%]
backend\tests\test_router_global_search.py ..                            [ 46%]
backend\tests\test_router_products_csv.py ...                            [ 48%]
backend\tests\test_security_csrf.py ....                                 [ 52%]
backend\tests\test_security_headers.py FFFFFFFFF.                        [ 60%]
backend\tests\test_security_ssrf.py ......                               [ 66%]
backend\tests\test_services_csv_import.py .............                  [ 77%]
backend\tests\test_services_domain_refactor.py ......................    [ 96%]
backend\tests\test_services_storage_validation.py ....                   [100%]

================================== FAILURES ===================================
C:\Users\nikla\Nextcloud\Projekte\CreatorHUB\Projekt\backend\tests\test_security_headers.py:9: assert 404 == 200
C:\Users\nikla\Nextcloud\Projekte\CreatorHUB\Projekt\backend\tests\test_security_headers.py:16: assert 404 == 200
C:\Users\nikla\Nextcloud\Projekte\CreatorHUB\Projekt\backend\tests\test_security_headers.py:23: assert 404 == 200
C:\Users\nikla\Nextcloud\Projekte\CreatorHUB\Projekt\backend\tests\test_security_headers.py:33: assert 404 == 200
C:\Users\nikla\Nextcloud\Projekte\CreatorHUB\Projekt\backend\tests\test_security_headers.py:54: assert 404 == 200
C:\Users\nikla\Nextcloud\Projekte\CreatorHUB\Projekt\backend\tests\test_security_headers.py:65: assert 404 == 200
C:\Users\nikla\Nextcloud\Projekte\CreatorHUB\Projekt\backend\tests\test_security_headers.py:77: assert 404 == 200
C:\Users\nikla\Nextcloud\Projekte\CreatorHUB\Projekt\backend\tests\test_security_headers.py:84: assert 404 == 200
C:\Users\nikla\Nextcloud\Projekte\CreatorHUB\Projekt\backend\tests\test_security_headers.py:94: assert 404 == 200
============================== warnings summary ===============================
..\..\..\..\AppData\Local\Programs\Python\Python311\Lib\site-packages\pydantic\_internal\_config.py:291: 22 warnings
  C:\Users\nikla\AppData\Local\Programs\Python\Python311\Lib\site-packages\pydantic\_internal\_config.py:291: PydanticDeprecatedSince20: Support for class-based `config` is deprecated, use ConfigDict instead. Deprecated in Pydantic V2.0 to be removed in V3.0. See Pydantic V2 Migration Guide at https://errors.pydantic.dev/2.8/migration/
    warnings.warn(DEPRECATION_MESSAGE, DeprecationWarning)

-- Docs: https://docs.pytest.org/en/stable/how-to/capture-warnings.html
=========================== short test summary info ===========================
FAILED backend\tests\test_security_headers.py::test_x_content_type_options_nosniff
FAILED backend\tests\test_security_headers.py::test_x_frame_options_deny - as...
FAILED backend\tests\test_security_headers.py::test_csp_no_unsafe_inline - as...
FAILED backend\tests\test_security_headers.py::test_csp_has_required_directives
FAILED backend\tests\test_security_headers.py::test_csp_no_data_in_img_src - ...
FAILED backend\tests\test_security_headers.py::test_hsts_preload_present - as...
FAILED backend\tests\test_security_headers.py::test_referrer_policy_set - ass...
FAILED backend\tests\test_security_headers.py::test_permissions_policy_configured
FAILED backend\tests\test_security_headers.py::test_cross_origin_headers_set
================= 9 failed, 106 passed, 22 warnings in 27.44s =================
Environment loaded from .env.test
JWT_SECRET length in env: 65
